============================================================
  Generated by:           Genus(TM) Synthesis Solution 21.14-s082_1
  Generated on:           Sep 04 2026  04:31:44 pm
  Module:                 aquila_scl180_top
  Operating conditions:   _nominal_ (balanced_tree)
  Wireload mode:          enclosed
  Area mode:              timing library
============================================================

                 Instance                                    Module                   Cell Count   Cell Area  Net Area   Total Area   Wireload  
------------------------------------------------------------------------------------------------------------------------------------------------
aquila_scl180_top                                                                         222035 6055930.568     0.000  6055930.568 <none> (D)  
  u_core                                   rls_dnn_top                                    222035 6055930.568     0.000  6055930.568 <none> (D)  
    gte_184_37                             geq_unsigned_3717                                   1      21.084     0.000       21.084 <none> (D)  
    gte_191_43                             geq_unsigned_3714_rtlopto_model_49716               1      21.084     0.000       21.084 <none> (D)  
    gte_415_23                             geq_unsigned_3711_rtlopto_model_49912               5     147.591     0.000      147.591 <none> (D)  
    gte_416_23                             geq_unsigned_3708_rtlopto_model_49913               9     221.386     0.000      221.386 <none> (D)  
    gte_417_23                             geq_unsigned_3705_rtlopto_model_49914               9     221.386     0.000      221.386 <none> (D)  
    lt_415_51                              lt_unsigned_3702_rtlopto_model_49915                4     137.048     0.000      137.048 <none> (D)  
    lt_416_52                              lt_unsigned_3699_rtlopto_model_49916                9     221.386     0.000      221.386 <none> (D)  
    lt_417_52                              lt_unsigned_3696_rtlopto_model_49917                9     231.928     0.000      231.928 <none> (D)  
    lt_420_21                              lt_unsigned_3693_rtlopto_model_49918                9     221.386     0.000      221.386 <none> (D)  
    lt_421_21                              lt_unsigned_3690_rtlopto_model_49919                9     221.386     0.000      221.386 <none> (D)  
    lt_422_21                              lt_unsigned_3687_rtlopto_model_49920                6     168.675     0.000      168.675 <none> (D)  
    lte_192_43                             leq_unsigned_3684_rtlopto_model_49717               3      84.338     0.000       84.338 <none> (D)  
    sub_506_33                             sub_signed_3681                                   132    2888.561     0.000     2888.561 <none> (D)  
    u_aad                                  aad                                              3501   83683.920     0.000    83683.920 <none> (D)  
      csa_tree_add_111_54_groupi           csa_tree_add_111_54_group_34004                   720   15486.480     0.000    15486.480 <none> (D)  
      csa_tree_add_112_54_groupi           csa_tree_add_112_54_group_34007                   692   14896.117     0.000    14896.117 <none> (D)  
      gt_120_34                            gt_unsigned_rtlopto_model_34631                   141    3500.008     0.000     3500.008 <none> (D)  
      gte_172_28                           geq_unsigned_4485_rtlopto_model_34632               2      42.169     0.000       42.169 <none> (D)  
      gte_174_35                           geq_unsigned_4482_rtlopto_model_34633               3      94.880     0.000       94.880 <none> (D)  
      inc_ADD_UNS_OP                       increment_unsigned_33936_34634                     27     590.363     0.000      590.363 <none> (D)  
      inc_ADD_UNS_OP1                      increment_unsigned_16513_34635                     11     231.928     0.000      231.928 <none> (D)  
      square_mul_90_42                     square_signed_49104                              1253   26576.866     0.000    26576.866 <none> (D)  
      srl_120_43                           shift_right_vlog_unsigned                         450    9487.973     0.000     9487.973 <none> (D)  
    u_affhc                                affhc                                             748   24057.282     0.000    24057.282 <none> (D)  
      dec_sub_145_52                       decrement_unsigned_48592_48598                     17     368.977     0.000      368.977 <none> (D)  
      gt_108_32                            gt_signed_6314_rtlopto_model_35195                 57    1381.027     0.000     1381.027 <none> (D)  
      gt_150_29                            gt_unsigned_3798_rtlopto_model_35196               54    1338.858     0.000     1338.858 <none> (D)  
      gte_164_36                           geq_unsigned_4485_rtlopto_model_35197               2      42.169     0.000       42.169 <none> (D)  
      inc_ADD_UNS_OP                       increment_unsigned_16513_35198                     11     231.928     0.000      231.928 <none> (D)  
      inc_ADD_UNS_OP1                      increment_unsigned_34921_35199                     15     316.266     0.000      316.266 <none> (D)  
      lt_153_38                            lt_unsigned_3789_rtlopto_model_35200               53    1328.316     0.000     1328.316 <none> (D)  
      sub_109_21_Y_sub_110_23              sub_signed_34654                                  149    3236.453     0.000     3236.453 <none> (D)  
    u_cbpf                                 cbpf_2sos                                        6586  159903.968     0.000   159903.968 <none> (D)  
      const_MULT_TC_OP                     mult_const_trivial_43794_43796                     67    1507.533     0.000     1507.533 <none> (D)  
      const_MULT_TC_OP1335                 mult_signed_const_40946_40948                     848   18174.739     0.000    18174.739 <none> (D)  
      const_MULT_TC_OP1337                 mult_signed_const_41791_41793                     822   17616.003     0.000    17616.003 <none> (D)  
      const_MULT_TC_OP_1                   mult_signed_const_44738_44740                    1130   24183.788     0.000    24183.788 <none> (D)  
      const_MULT_TC_OP_1334                mult_signed_const_43857_43859                     667   14274.128     0.000    14274.128 <none> (D)  
      const_MULT_TC_OP_1336                mult_signed_const_42698_42700                     606   12998.523     0.000    12998.523 <none> (D)  
      const_MULT_TC_OP_1338                mult_const_trivial_41794_41796                    189    4227.419     0.000     4227.419 <none> (D)  
      const_mul_162_45                     mult_signed_const_40946_40948                     848   18174.739     0.000    18174.739 <none> (D)  
      csa_tree_ADD_TC_OP_1_groupi          csa_tree_ADD_TC_OP_1_group_38615                  244    5334.349     0.000     5334.349 <none> (D)  
      csa_tree_ADD_TC_OP_1_groupi1340      csa_tree_ADD_TC_OP_1_group_38615                  244    5334.349     0.000     5334.349 <none> (D)  
      csa_tree_ADD_TC_OP_2_groupi          csa_tree_ADD_TC_OP_2_group_38409                  330    7210.859     0.000     7210.859 <none> (D)  
      csa_tree_ADD_TC_OP_2_groupi1339      csa_tree_ADD_TC_OP_2_group_38409_5102             203    4375.010     0.000     4375.010 <none> (D)  
    u_fwes                                 fwes                                             2261   49611.556     0.000    49611.556 <none> (D)  
      WALLACE_CSA_DUMMY_OP_groupi          WALLACE_CSA_DUMMY_OP_group_46417                 2228   47239.562     0.000    47239.562 <none> (D)  
    u_latprof                              lat_prof                                         2112   65582.976     0.000    65582.976 <none> (D)  
      SUB_TC_OP_1                          sub_signed_rtlopto_model_32317                    322    7084.353     0.000     7084.353 <none> (D)  
      SUB_TC_OP_2                          sub_signed_rtlopto_model_32317                    322    7084.353     0.000     7084.353 <none> (D)  
      SUB_TC_OP_3                          sub_signed_rtlopto_model_32317                    322    7084.353     0.000     7084.353 <none> (D)  
      SUB_TC_OP_4                          sub_signed_rtlopto_model_32317                    322    7084.353     0.000     7084.353 <none> (D)  
      inc_add_40_34                        increment_unsigned_32320_32326                    134    3025.609     0.000     3025.609 <none> (D)  
    u_mlp                                  mlp_inference                                  137740 4130061.849     0.000  4130061.849 <none> (D)  
      ADD_UNS_OP4_Y_ADD_UNS_OP             add_unsigned_6587_2                               111    2382.535     0.000     2382.535 <none> (D)  
      CDN_CARRYSAVE_MUX_GROUPi             CDN_CARRYSAVE_MUX_GROUP                            39     822.291     0.000      822.291 <none> (D)  
      CDN_CARRYSAVE_MUX_GROUPi59436        CDN_CARRYSAVE_MUX_GROUP_5246                       39     822.291     0.000      822.291 <none> (D)  
      SUB_UNS_OP                           sub_unsigned_3137_5040                             63    1349.401     0.000     1349.401 <none> (D)  
      SUB_UNS_OP2                          sub_unsigned_3137_5039                             46    1022.593     0.000     1022.593 <none> (D)  
      WALLACE_CSA_DUMMY_OP                 csa_tree_4536                                      10     189.759     0.000      189.759 <none> (D)  
      WALLACE_CSA_DUMMY_OP3                csa_tree_4550                                      40     832.833     0.000      832.833 <none> (D)  
      add_148_59                           add_unsigned_3784                                   4      84.338     0.000       84.338 <none> (D)  
      add_150_53                           add_unsigned_3780                                 227    4923.204     0.000     4923.204 <none> (D)  
      add_332_47                           add_unsigned_3773                                   7     147.591     0.000      147.591 <none> (D)  
      const_qaa_tanh_153_44:mul_53_41      mult_const_trivial_4021_4023                        7     179.217     0.000      179.217 <none> (D)  
      const_qaa_tanh_153_44:mul_55_65      mult_signed_const_4039                             17     358.435     0.000      358.435 <none> (D)  
      const_qaa_tanh_153_44:mul_57_66      mult_const_trivial_3182                             9     189.759     0.000      189.759 <none> (D)  
      csa_tree_add_349_52_groupi           csa_tree_add_349_52_group_4                      5168  109248.736     0.000   109248.736 <none> (D)  
      gt_365_52                            gt_signed_rtlopto_model_5275                       19     632.532     0.000      632.532 <none> (D)  
      inc_add_319_54                       increment_unsigned_5238_5276                       19     411.145     0.000      411.145 <none> (D)  
      inc_add_384_58                       increment_unsigned_5237_5277                       32     706.327     0.000      706.327 <none> (D)  
      lt_367_57                            lt_signed_rtlopto_model_5278                       10     284.639     0.000      284.639 <none> (D)  
      mul_493_46_I1                        mult_signed_1798_41                              2101   44466.966     0.000    44466.966 <none> (D)  
      mul_493_46_I2                        mult_signed_1798_41                              2101   44466.966     0.000    44466.966 <none> (D)  
      mul_493_46_I3                        mult_signed_1798_41                              2101   44466.966     0.000    44466.966 <none> (D)  
      mul_493_46_I4                        mult_signed_1798_41                              2101   44466.966     0.000    44466.966 <none> (D)  
      mul_493_46_I5                        mult_signed_1798_41                              2101   44466.966     0.000    44466.966 <none> (D)  
      mul_493_46_I6                        mult_signed_1798_41                              2101   44466.966     0.000    44466.966 <none> (D)  
      mul_493_46_I7                        mult_signed_1798_41                              2101   44466.966     0.000    44466.966 <none> (D)  
      mul_493_46_I8                        mult_signed_1798_41                              2101   44466.966     0.000    44466.966 <none> (D)  
      mul_493_46_I9                        mult_signed_1798_41                              2101   44466.966     0.000    44466.966 <none> (D)  
      mul_493_46_I10                       mult_signed_1798_41                              2101   44466.966     0.000    44466.966 <none> (D)  
      mul_493_46_I11                       mult_signed_1798_41                              2101   44466.966     0.000    44466.966 <none> (D)  
      mul_493_46_I12                       mult_signed_1798_41                              2101   44466.966     0.000    44466.966 <none> (D)  
      mul_493_46_I13                       mult_signed_1798_41                              2101   44466.966     0.000    44466.966 <none> (D)  
      mul_493_46_I14                       mult_signed_1798_41                              2101   44466.966     0.000    44466.966 <none> (D)  
      mul_493_46_I15                       mult_signed_1798_41                              2101   44466.966     0.000    44466.966 <none> (D)  
      mul_493_46_I16                       mult_signed_1798_41                              2101   44466.966     0.000    44466.966 <none> (D)  
      qaa_tanh_153_44:lte_52_23            leq_unsigned_3755_rtlopto_model_5279                6     231.928     0.000      231.928 <none> (D)  
      qaa_tanh_153_44:lte_54_28            leq_unsigned_3752_rtlopto_model_5280                6     231.928     0.000      231.928 <none> (D)  
      qaa_tanh_153_44:lte_56_28            leq_unsigned_3749_rtlopto_model_5281                6     231.928     0.000      231.928 <none> (D)  
    u_plwd                                 plwd_VALID_TIMEOUT16h4000                         667   22813.303     0.000    22813.303 <none> (D)  
      dec_sub_83_44                        decrement_unsigned_45608_45612                     58    1296.690     0.000     1296.690 <none> (D)  
      gte_113_31                           geq_unsigned_3724_rtlopto_model_45735               2      63.253     0.000       63.253 <none> (D)  
      inc_add_107_79                       increment_unsigned_45679_45736                     15     326.808     0.000      326.808 <none> (D)  
      inc_add_133_52                       increment_unsigned_32320_39339                    134    3025.609     0.000     3025.609 <none> (D)  
      inc_add_182_57                       increment_unsigned_38250_39201                     28     611.447     0.000      611.447 <none> (D)  
      inc_add_193_48                       increment_unsigned_19206_48764                      7     147.591     0.000      147.591 <none> (D)  
    u_poly                                 poly_decim                                         29    1022.593     0.000     1022.593 <none> (D)  
      gte_50_35                            geq_unsigned_4980_rtlopto_model_48752               1      31.627     0.000       31.627 <none> (D)  
      gte_56_35                            geq_unsigned_4485_rtlopto_model_48753               2      42.169     0.000       42.169 <none> (D)  
      inc_add_59_48                        increment_unsigned_19206_48754                      7     147.591     0.000      147.591 <none> (D)  
    u_ptdl                                 ptdl_8stage                                       129    9456.346     0.000     9456.346 <none> (D)  
    u_rcim                                 rcim                                            12364  275773.201     0.000   275773.201 <none> (D)  
      SUB_UNS_OP                           sub_unsigned_3137                                  63    1402.112     0.000     1402.112 <none> (D)  
      csa_tree_add_103_78_groupi           csa_tree_add_103_78_group_7                       793   17036.182     0.000    17036.182 <none> (D)  
      csa_tree_add_105_78_groupi           csa_tree_add_105_78_group_5                       788   16920.218     0.000    16920.218 <none> (D)  
      gte_220_31                           geq_unsigned_4473_rtlopto_model_38369               3     105.422     0.000      105.422 <none> (D)  
      gte_226_37                           geq_unsigned_4470_rtlopto_model_38370               2      94.880     0.000       94.880 <none> (D)  
      inc_add_225_88_Y_add_218_78          increment_unsigned_38250_38371                     28     611.447     0.000      611.447 <none> (D)  
      lt_217_27                            lt_unsigned_rtlopto_model_38372                    53    1328.316     0.000     1328.316 <none> (D)  
      mul_101_37                           mult_signed_1798_41                              2101   44466.966     0.000    44466.966 <none> (D)  
      mul_170_46                           mult_signed_2551                                 2009   42674.793     0.000    42674.793 <none> (D)  
      mul_172_46                           mult_signed_4467                                 2093   44445.881     0.000    44445.881 <none> (D)  
      mul_195_43                           mult_unsigned_3099                               2251   47735.045     0.000    47735.045 <none> (D)  
      square_mul_102_37                    square_signed_49104                              1253   26576.866     0.000    26576.866 <none> (D)  
      sra_103_61                           arith_shift_right_vlog_signed_4356                230    4849.408     0.000     4849.408 <none> (D)  
      sra_105_61                           arith_shift_right_vlog_signed_4356                230    4849.408     0.000     4849.408 <none> (D)  
    u_rls                                  rls_engine                                      54189 1183276.714     0.000  1183276.714 <none> (D)  
      MULT_TC_OP49                         mult_signed_14066                                2009   42674.793     0.000    42674.793 <none> (D)  
      MULT_TC_OP_5                         mult_signed_14657                                2019   42885.637     0.000    42885.637 <none> (D)  
      add_365_42                           add_signed_2024                                   138    2972.898     0.000     2972.898 <none> (D)  
      csa_tree_ADD_TC_OP53_pad_groupi      csa_tree_ADD_TC_OP53_pad_group_19229             2494   52890.177     0.000    52890.177 <none> (D)  
      csa_tree_ADD_TC_OP_13_groupi         csa_tree_ADD_TC_OP_13_group_8                   11319  238928.239     0.000   238928.239 <none> (D)  
      csa_tree_ADD_TC_OP_28_groupi         csa_tree_ADD_TC_OP_28_group_6                   18163  383155.968     0.000   383155.968 <none> (D)  
      csa_tree_SUB_TC_OP56_pad_groupi      csa_tree_SUB_TC_OP56_pad_group_19226             2623   55747.111     0.000    55747.111 <none> (D)  
      csa_tree_SUB_TC_OP_12_pad_pad_groupi csa_tree_SUB_TC_OP_12_pad_pad_group_19230        2497   53101.021     0.000    53101.021 <none> (D)  
      csa_tree_add_264_40_pad_groupi       csa_tree_add_264_40_pad_group_36616              2172   46079.921     0.000    46079.921 <none> (D)  
      csa_tree_sub_280_42_pad_groupi       csa_tree_sub_280_42_pad_group_36617               860   18269.619     0.000    18269.619 <none> (D)  
      csa_tree_sub_345_38_pad_groupi       csa_tree_sub_345_38_pad_group_40135              2174   46143.174     0.000    46143.174 <none> (D)  
      gt_228_27                            gt_signed_rtlopto_model_39322                      18     569.278     0.000      569.278 <none> (D)  
      gt_366_31                            gt_signed_4024_rtlopto_model_37830                  6     168.675     0.000      168.675 <none> (D)  
      inc_add_328_46                       increment_unsigned_19206_19225                      7     147.591     0.000      147.591 <none> (D)  
      lt_230_32                            lt_signed_rtlopto_model_39323                       6     158.133     0.000      158.133 <none> (D)  
      lt_368_36                            lt_signed_4012_rtlopto_model_37831                  6     231.928     0.000      231.928 <none> (D)  
      mul_281_46                           mult_signed_3972                                  979   20789.203     0.000    20789.203 <none> (D)  
      mul_346_45                           mult_signed_2863                                 2003   42485.034     0.000    42485.034 <none> (D)  
      mul_351_50                           mult_signed_2863_5091                            2001   42463.949     0.000    42463.949 <none> (D)  
      sub_194_31                           sub_signed_4775_3                                 141    3046.693     0.000     3046.693 <none> (D)  
      sub_391_40                           sub_signed_4775_3                                 141    3046.693     0.000     3046.693 <none> (D)  
    u_rst_sync                             rst_sync                                            3     158.133     0.000      158.133 <none> (D)  
    u_sram                                 mlp_weight_sram_wrapper                           890   20789.203     0.000    20789.203 <none> (D)  
  (D) = wireload is default in technology library
