============================================================
  Generated by:           Genus(TM) Synthesis Solution 21.14-s082_1
  Generated on:           Sep 04 2026  04:35:32 pm
  Module:                 aquila_scl180_top
  Operating conditions:   _nominal_ (balanced_tree)
  Wireload mode:          enclosed
  Area mode:              timing library
============================================================

                      Instance                                  Module             Cell Count   Cell Area  Net Area   Total Area   Wireload  
---------------------------------------------------------------------------------------------------------------------------------------------
aquila_scl180_top                                                                      171918 5242104.972     0.000  5242104.972 <none> (D)  
  u_core                                            rls_dnn_top                        171918 5242104.972     0.000  5242104.972 <none> (D)  
    u_rst_sync                                      rst_sync                                3     158.133     0.000      158.133 <none> (D)  
    u_poly                                          poly_decim                             59    1771.088     0.000     1771.088 <none> (D)  
      gte_50_35                                     geq_unsigned                            8     115.964     0.000      115.964 <none> (D)  
      gte_56_35                                     geq_unsigned_3                         11     179.217     0.000      179.217 <none> (D)  
      add_59_48                                     add_unsigned                            9     147.591     0.000      147.591 <none> (D)  
      mux_decim_cnt_50_35                           bmux                                    1      42.169     0.000       42.169 <none> (D)  
      mux_decim_cnt_56_35                           bmux_5                                  3     126.506     0.000      126.506 <none> (D)  
      ctl_decim_ratio_45_21                         case_box                               10     189.759     0.000      189.759 <none> (D)  
      mux_decim_cnt_45_21                           mux                                     3     253.013     0.000      253.013 <none> (D)  
      mux_sample_enable_rls_45_21                   mux_10                                  1      84.338     0.000       84.338 <none> (D)  
      mux_sample_enable_rls_42_17                   bmux                                    1      42.169     0.000       42.169 <none> (D)  
    u_cbpf                                          cbpf_2sos                           24875  537124.682     0.000   537124.682 <none> (D)  
      add_117_45                                    add_signed                            648   11923.219     0.000    11923.219 <none> (D)  
      add_117_59                                    add_signed                            648   11923.219     0.000    11923.219 <none> (D)  
      add_165_49                                    add_signed_21                         428    7896.102     0.000     7896.102 <none> (D)  
      add_165_70                                    add_signed_21                         428    7896.102     0.000     7896.102 <none> (D)  
      mul_153_45                                    mult_signed                          2133   45131.124     0.000    45131.124 <none> (D)  
      mul_154_45                                    mult_signed_434                      2111   44509.135     0.000    44509.135 <none> (D)  
      mul_162_45                                    mult_signed_559                      1723   35927.790     0.000    35927.790 <none> (D)  
      mul_163_45                                    mult_signed_684                      1749   36676.286     0.000    36676.286 <none> (D)  
      mul_164_45                                    mult_signed_559                      1723   35927.790     0.000    35927.790 <none> (D)  
      add_200_35                                    add_signed                            648   11923.219     0.000    11923.219 <none> (D)  
      add_200_49                                    add_signed                            648   11923.219     0.000    11923.219 <none> (D)  
      add_246_49                                    add_signed_21                         428    7896.102     0.000     7896.102 <none> (D)  
      add_246_70                                    add_signed_21                         428    7896.102     0.000     7896.102 <none> (D)  
      mul_235_45                                    mult_signed                          2133   45131.124     0.000    45131.124 <none> (D)  
      mul_236_45                                    mult_signed_434                      2111   44509.135     0.000    44509.135 <none> (D)  
      mul_243_45                                    mult_signed                          2133   45131.124     0.000    45131.124 <none> (D)  
      mul_244_45                                    mult_signed                          2133   45131.124     0.000    45131.124 <none> (D)  
      mul_245_45                                    mult_signed                          2133   45131.124     0.000    45131.124 <none> (D)  
      mux_y_out_271_17                              bmux_1655                              16     674.700     0.000      674.700 <none> (D)  
    u_aad                                           aad                                  4631  105780.355     0.000   105780.355 <none> (D)  
      mul_90_42                                     mult_signed_1798                     1579   32870.555     0.000    32870.555 <none> (D)  
      sub_111_28                                    sub_unsigned                          582   10436.770     0.000    10436.770 <none> (D)  
      add_111_54                                    add_signed_1800                       543   10025.625     0.000    10025.625 <none> (D)  
      sub_112_28                                    sub_unsigned                          582   10436.770     0.000    10436.770 <none> (D)  
      add_112_54                                    add_signed_1800                       543   10025.625     0.000    10025.625 <none> (D)  
      gt_120_34                                     gt_unsigned                           277    4923.204     0.000     4923.204 <none> (D)  
      srl_120_43                                    shift_right_vlog_unsigned             164    6472.906     0.000     6472.906 <none> (D)  
      add_133_78                                    add_unsigned                            9     147.591     0.000      147.591 <none> (D)  
      add_150_88                                    add_unsigned_1973                      27     442.772     0.000      442.772 <none> (D)  
      gte_172_28                                    geq_unsigned_3                         11     179.217     0.000      179.217 <none> (D)  
      gte_174_35                                    geq_unsigned_1979                      34     611.447     0.000      611.447 <none> (D)  
      mux_133_43                                    bmux_5                                  3     126.506     0.000      126.506 <none> (D)  
      mux_assert_cnt_132_17                         bmux_5                                  3     126.506     0.000      126.506 <none> (D)  
      mux_150_47                                    bmux_2002                               7     295.181     0.000      295.181 <none> (D)  
      mux_deassert_cnt_149_17                       bmux_2002                               7     295.181     0.000      295.181 <none> (D)  
    u_rcim                                          rcim                                11650  261193.349     0.000   261193.349 <none> (D)  
      g14                                           not_op                                 16     168.675     0.000      168.675 <none> (D)  
      sub_103_44                                    sub_signed                            582   10436.770     0.000    10436.770 <none> (D)  
      add_103_78                                    add_signed_1800                       543   10025.625     0.000    10025.625 <none> (D)  
      sra_103_61                                    arith_shift_right_vlog_signed         160    6620.497     0.000     6620.497 <none> (D)  
      sub_105_44                                    sub_signed                            582   10436.770     0.000    10436.770 <none> (D)  
      add_105_78                                    add_signed_1800                       543   10025.625     0.000    10025.625 <none> (D)  
      sra_105_61                                    arith_shift_right_vlog_signed         160    6620.497     0.000     6620.497 <none> (D)  
      mul_101_37                                    mult_signed_1798                     1579   32870.555     0.000    32870.555 <none> (D)  
      mul_102_37                                    mult_signed_1798                     1579   32870.555     0.000    32870.555 <none> (D)  
      mul_170_46                                    mult_signed_1798                     1579   32870.555     0.000    32870.555 <none> (D)  
      mul_172_46                                    mult_signed_2774                     1652   34483.510     0.000    34483.510 <none> (D)  
      sub_173_49                                    sub_unsigned_2776                     202    3637.056     0.000     3637.056 <none> (D)  
      mul_195_43                                    mult_unsigned                        1764   36813.334     0.000    36813.334 <none> (D)  
      lt_217_27                                     lt_unsigned                           105    1865.968     0.000     1865.968 <none> (D)  
      gte_220_31                                    geq_unsigned_2905                      43     759.038     0.000      759.038 <none> (D)  
      gte_226_37                                    geq_unsigned_2908                      27     474.399     0.000      474.399 <none> (D)  
      add_218_78                                    add_unsigned_2912                      33     537.652     0.000      537.652 <none> (D)  
      add_225_88                                    add_unsigned_2912                      33     537.652     0.000      537.652 <none> (D)  
      add_185_56                                    add_unsigned_2918                      80    1317.774     0.000     1317.774 <none> (D)  
      mux_185_23                                    bmux_1655                              16     674.700     0.000      674.700 <none> (D)  
      mux_ref_channel_fault_217_27                  bmux                                    1      42.169     0.000       42.169 <none> (D)  
      mux_242_28                                    bmux_1655                              16     674.700     0.000      674.700 <none> (D)  
      mux_218_43                                    bmux_2948                               8     337.350     0.000      337.350 <none> (D)  
      mux_fault_cnt_217_27                          bmux_2948                               8     337.350     0.000      337.350 <none> (D)  
      mux_225_49                                    bmux_2948                               8     337.350     0.000      337.350 <none> (D)  
      mux_recover_cnt_217_27                        bmux_2948                               8     337.350     0.000      337.350 <none> (D)  
      ctl_addr_125_15                               case_box_46                            36     885.544     0.000      885.544 <none> (D)  
      rcim_lut_read_147_34:mux_rcim_lut_read_125_15 mux_2017                               16    5397.602     0.000     5397.602 <none> (D)  
    u_fwes                                          fwes                                 1798   38594.965     0.000    38594.965 <none> (D)  
      sub_44_32                                     sub_unsigned_2957                     186    3352.417     0.000     3352.417 <none> (D)  
      mul_36_45                                     mult_signed_1798                     1579   32870.555     0.000    32870.555 <none> (D)  
    u_rls                                           rls_engine                          55858 1192089.987     0.000  1192089.987 <none> (D)  
      mul_187_61_I1                                 mult_signed_1798                     1579   32870.555     0.000    32870.555 <none> (D)  
      add_187_41_I2                                 add_signed_3172                       450    8275.621     0.000     8275.621 <none> (D)  
      add_187_41_I3                                 add_signed_3174                       457    8412.669     0.000     8412.669 <none> (D)  
      add_187_41_I4                                 add_signed_3176                       468    8623.513     0.000     8623.513 <none> (D)  
      add_187_41_I5                                 add_signed_3178                       480    8844.899     0.000     8844.899 <none> (D)  
      add_187_41_I6                                 add_signed_3180                       497    9150.623     0.000     9150.623 <none> (D)  
      add_187_41_I7                                 add_signed_3182                       508    9361.466     0.000     9361.466 <none> (D)  
      add_187_41_I8                                 add_signed_3184                       472    8707.851     0.000     8707.851 <none> (D)  
      mul_187_61_I2                                 mult_signed_1798                     1579   32870.555     0.000    32870.555 <none> (D)  
      mul_187_61_I3                                 mult_signed_1798                     1579   32870.555     0.000    32870.555 <none> (D)  
      mul_187_61_I4                                 mult_signed_1798                     1579   32870.555     0.000    32870.555 <none> (D)  
      mul_187_61_I5                                 mult_signed_1798                     1579   32870.555     0.000    32870.555 <none> (D)  
      mul_187_61_I6                                 mult_signed_1798                     1579   32870.555     0.000    32870.555 <none> (D)  
      mul_187_61_I7                                 mult_signed_1798                     1579   32870.555     0.000    32870.555 <none> (D)  
      mul_187_61_I8                                 mult_signed_1798                     1579   32870.555     0.000    32870.555 <none> (D)  
      mul_188_61_I1                                 mult_signed_1798                     1579   32870.555     0.000    32870.555 <none> (D)  
      add_188_41_I2                                 add_signed_3172                       450    8275.621     0.000     8275.621 <none> (D)  
      add_188_41_I3                                 add_signed_3174                       457    8412.669     0.000     8412.669 <none> (D)  
      add_188_41_I4                                 add_signed_3176                       468    8623.513     0.000     8623.513 <none> (D)  
      add_188_41_I5                                 add_signed_3178                       480    8844.899     0.000     8844.899 <none> (D)  
      add_188_41_I6                                 add_signed_3180                       497    9150.623     0.000     9150.623 <none> (D)  
      add_188_41_I7                                 add_signed_3182                       508    9361.466     0.000     9361.466 <none> (D)  
      add_188_41_I8                                 add_signed_3184                       472    8707.851     0.000     8707.851 <none> (D)  
      mul_188_61_I2                                 mult_signed_1798                     1579   32870.555     0.000    32870.555 <none> (D)  
      mul_188_61_I3                                 mult_signed_1798                     1579   32870.555     0.000    32870.555 <none> (D)  
      mul_188_61_I4                                 mult_signed_1798                     1579   32870.555     0.000    32870.555 <none> (D)  
      mul_188_61_I5                                 mult_signed_1798                     1579   32870.555     0.000    32870.555 <none> (D)  
      mul_188_61_I6                                 mult_signed_1798                     1579   32870.555     0.000    32870.555 <none> (D)  
      mul_188_61_I7                                 mult_signed_1798                     1579   32870.555     0.000    32870.555 <none> (D)  
      mul_188_61_I8                                 mult_signed_1798                     1579   32870.555     0.000    32870.555 <none> (D)  
      sub_194_31                                    sub_signed_4775                       186    3352.417     0.000     3352.417 <none> (D)  
      gt_228_27                                     gt_signed                             277    4923.204     0.000     4923.204 <none> (D)  
      lt_230_32                                     lt_signed                             269    4838.866     0.000     4838.866 <none> (D)  
      add_264_40                                    add_signed_21                         428    7896.102     0.000     7896.102 <none> (D)  
      eq_266_45                                     equal_signed                           44    1128.015     0.000     1128.015 <none> (D)  
      mul_281_46                                    mult_signed_1798                     1579   32870.555     0.000    32870.555 <none> (D)  
      sub_280_42                                    sub_signed_4775                       186    3352.417     0.000     3352.417 <none> (D)  
      mul_346_45                                    mult_signed_1798                     1579   32870.555     0.000    32870.555 <none> (D)  
      sub_345_38                                    sub_signed_4775                       186    3352.417     0.000     3352.417 <none> (D)  
      gt_317_34                                     gt_signed_4996                        221    3921.695     0.000     3921.695 <none> (D)  
      lt_319_39                                     lt_signed_4999                        206    3763.563     0.000     3763.563 <none> (D)  
      add_143_70                                    add_signed_21                         428    7896.102     0.000     7896.102 <none> (D)  
      add_365_42                                    add_signed_5003                       428    7896.102     0.000     7896.102 <none> (D)  
      gt_366_31                                     gt_signed_4996                        221    3921.695     0.000     3921.695 <none> (D)  
      lt_368_36                                     lt_signed_5009                        192    3615.972     0.000     3615.972 <none> (D)  
      add_328_46                                    add_unsigned                            9     147.591     0.000      147.591 <none> (D)  
      mul_351_50                                    mult_signed_1798                     1579   32870.555     0.000    32870.555 <none> (D)  
      neq_357_43                                    nequal_unsigned_5120                    9     263.555     0.000      263.555 <none> (D)  
      sub_391_40                                    sub_signed_4775                       186    3352.417     0.000     3352.417 <none> (D)  
      eq_50_42                                      equal_unsigned_5124                     8     253.013     0.000      253.013 <none> (D)  
      mul_261_56                                    mult_signed_5589                     5873  125167.446     0.000   125167.446 <none> (D)  
      mul_278_51                                    mult_signed_5701                     1652   34483.510     0.000    34483.510 <none> (D)  
      mul_343_52                                    mult_signed_5701                     1652   34483.510     0.000    34483.510 <none> (D)  
      mul_138_67                                    mult_signed_1798                     1579   32870.555     0.000    32870.555 <none> (D)  
      mul_141_52                                    mult_signed_6079                     2133   45131.124     0.000    45131.124 <none> (D)  
      mul_140_45                                    mult_signed_1798                     1579   32870.555     0.000    32870.555 <none> (D)  
      mux_nr_p2_valid_324_32                        bmux                                    1      42.169     0.000       42.169 <none> (D)  
      mux_nr_p2_valid_315_17                        bmux                                    1      42.169     0.000       42.169 <none> (D)  
      mux_w[update_idx]_138_77                      bmux_6199                              16    2698.801     0.000     2698.801 <none> (D)  
      mux_p_scalar_368_36                           bmux_1655                              16     674.700     0.000      674.700 <none> (D)  
      mux_p_scalar_366_31                           bmux_1655                              16     674.700     0.000      674.700 <none> (D)  
      mux_50_42                                     bmux_1655                              16     674.700     0.000      674.700 <none> (D)  
      mux_STAGE1_NR1.NR_STAGE1.d_norm_266_35        bmux_1655                              16     674.700     0.000      674.700 <none> (D)  
      mux_x_dly_p1[update_idx]_140_55               bmux_6199                              16    2698.801     0.000     2698.801 <none> (D)  
      mux_357_43                                    bmux_1655                              16     674.700     0.000      674.700 <none> (D)  
      mux_y_hat_230_32                              bmux_1655                              16     674.700     0.000      674.700 <none> (D)  
      mux_y_hat_228_27                              bmux_1655                              16     674.700     0.000      674.700 <none> (D)  
      mux_update_idx_315_17                         bmux_5                                  3     126.506     0.000      126.506 <none> (D)  
      mux_update_busy_315_17                        bmux                                    1      42.169     0.000       42.169 <none> (D)  
      mux_w[1]_319_39                               bmux_1655                              16     674.700     0.000      674.700 <none> (D)  
      mux_w[1]_317_34                               bmux_1655                              16     674.700     0.000      674.700 <none> (D)  
      mux_w[2]_319_39                               bmux_1655                              16     674.700     0.000      674.700 <none> (D)  
      mux_w[2]_317_34                               bmux_1655                              16     674.700     0.000      674.700 <none> (D)  
      mux_w[3]_319_39                               bmux_1655                              16     674.700     0.000      674.700 <none> (D)  
      mux_w[3]_317_34                               bmux_1655                              16     674.700     0.000      674.700 <none> (D)  
      mux_w[4]_319_39                               bmux_1655                              16     674.700     0.000      674.700 <none> (D)  
      mux_w[4]_317_34                               bmux_1655                              16     674.700     0.000      674.700 <none> (D)  
      mux_w[5]_319_39                               bmux_1655                              16     674.700     0.000      674.700 <none> (D)  
      mux_w[5]_317_34                               bmux_1655                              16     674.700     0.000      674.700 <none> (D)  
      mux_w[6]_319_39                               bmux_1655                              16     674.700     0.000      674.700 <none> (D)  
      mux_w[6]_317_34                               bmux_1655                              16     674.700     0.000      674.700 <none> (D)  
      mux_w[7]_319_39                               bmux_1655                              16     674.700     0.000      674.700 <none> (D)  
      mux_w[7]_317_34                               bmux_1655                              16     674.700     0.000      674.700 <none> (D)  
      mux_w[0]_319_39                               bmux_1655                              16     674.700     0.000      674.700 <none> (D)  
      mux_w[0]_317_34                               bmux_1655                              16     674.700     0.000      674.700 <none> (D)  
      ctl_update_idx_318_21                         case_box_98                            19     368.977     0.000      368.977 <none> (D)  
      ctl_update_idx_320_21                         case_box_101                           19     368.977     0.000      368.977 <none> (D)  
      ctl_update_idx_322_21                         case_box_104                           19     368.977     0.000      368.977 <none> (D)  
      ctl_addr_75_15                                case_box_58                            53    1402.112     0.000     1402.112 <none> (D)  
      nr_lut_read_275_26:mux_nr_lut_read_75_15      mux_3065                                5    3373.501     0.000     3373.501 <none> (D)  
    u_affhc                                         affhc                                1081   29360.005     0.000    29360.005 <none> (D)  
      gte_164_36                                    geq_unsigned_3                         11     179.217     0.000      179.217 <none> (D)  
      gte_185_38                                    geq_unsigned_6295                      20     358.435     0.000      358.435 <none> (D)  
      gt_150_29                                     gt_unsigned_6298                      111    1971.390     0.000     1971.390 <none> (D)  
      add_151_80                                    add_unsigned                            9     147.591     0.000      147.591 <none> (D)  
      lt_153_38                                     lt_unsigned_6305                      111    1971.390     0.000     1971.390 <none> (D)  
      add_154_74                                    add_unsigned_6309                      13     210.844     0.000      210.844 <none> (D)  
      sub_145_52                                    sub_unsigned_6311                      21     347.892     0.000      347.892 <none> (D)  
      gt_108_32                                     gt_signed_6314                        111    1971.390     0.000     1971.390 <none> (D)  
      sub_109_21                                    sub_signed_6316                       207    3731.936     0.000     3731.936 <none> (D)  
      sub_110_23                                    sub_signed_6316                       207    3731.936     0.000     3731.936 <none> (D)  
      mux_108_32                                    bmux_6320                              17     716.869     0.000      716.869 <none> (D)  
      mux_151_41                                    bmux_5                                  3     126.506     0.000      126.506 <none> (D)  
      mux_cnt_up_150_29                             bmux_5                                  3     126.506     0.000      126.506 <none> (D)  
      mux_154_43                                    bmux_1996                               4     168.675     0.000      168.675 <none> (D)  
      mux_cnt_down_153_38                           bmux_1996                               4     168.675     0.000      168.675 <none> (D)  
      mux_cnt_down_150_29                           bmux_1996                               4     168.675     0.000      168.675 <none> (D)  
      mux_next_state_172_36                         bmux                                    1      42.169     0.000       42.169 <none> (D)  
      mux_lockout_active_133_17                     bmux                                    1      42.169     0.000       42.169 <none> (D)  
      mux_lambda_out_199_19                         bmux_6339                              16    1349.401     0.000     1349.401 <none> (D)  
      ctl_state_162_23                              case_box_117                            6     105.422     0.000      105.422 <none> (D)  
      mux_next_state_162_23                         mux_6345                                1      63.253     0.000       63.253 <none> (D)  
      mux_next_state_162_31                         bmux_6346                               1      63.253     0.000       63.253 <none> (D)  
      mux_state_162_23                              mux_6348                                2     168.675     0.000      168.675 <none> (D)  
      mux_state_133_17                              bmux_6335                               2      84.338     0.000       84.338 <none> (D)  
      mux_lockout_cnt_133_17                        bmux_6351                               6     253.013     0.000      253.013 <none> (D)  
      ctl_s_axi_awaddr_88_23                        case_box_118                           18     442.772     0.000      442.772 <none> (D)  
    u_ptdl                                          ptdl_8stage                           129    9456.346     0.000     9456.346 <none> (D)  
    u_sram                                          mlp_weight_sram_wrapper               607   26028.672     0.000    26028.672 <none> (D)  
      mux_27_60                                     bmux_6391                              13     548.194     0.000      548.194 <none> (D)  
      mux_27_37                                     bmux_6391                              13     548.194     0.000      548.194 <none> (D)  
      mux_30_68                                     bmux_1639                              32    1349.401     0.000     1349.401 <none> (D)  
      mux_30_39                                     bmux_1639                              32    1349.401     0.000     1349.401 <none> (D)  
      mux_31_68                                     bmux_1639                              32    1349.401     0.000     1349.401 <none> (D)  
      mux_31_39                                     bmux_1639                              32    1349.401     0.000     1349.401 <none> (D)  
      mux_32_68                                     bmux_1639                              32    1349.401     0.000     1349.401 <none> (D)  
      mux_32_39                                     bmux_1639                              32    1349.401     0.000     1349.401 <none> (D)  
      mux_33_68                                     bmux_1639                              32    1349.401     0.000     1349.401 <none> (D)  
      mux_33_39                                     bmux_1639                              32    1349.401     0.000     1349.401 <none> (D)  
      mux_34_68                                     bmux_1639                              32    1349.401     0.000     1349.401 <none> (D)  
      mux_34_39                                     bmux_1639                              32    1349.401     0.000     1349.401 <none> (D)  
      mux_35_68                                     bmux_1639                              32    1349.401     0.000     1349.401 <none> (D)  
      mux_35_39                                     bmux_1639                              32    1349.401     0.000     1349.401 <none> (D)  
      mux_36_68                                     bmux_1639                              32    1349.401     0.000     1349.401 <none> (D)  
      mux_36_39                                     bmux_1639                              32    1349.401     0.000     1349.401 <none> (D)  
      mux_37_68                                     bmux_1639                              32    1349.401     0.000     1349.401 <none> (D)  
      mux_37_39                                     bmux_1639                              32    1349.401     0.000     1349.401 <none> (D)  
    u_mlp                                           mlp_inference                       65877 2884765.419     0.000  2884765.419 <none> (D)  
      add_310_45                                    add_unsigned_6585                      93    1697.293     0.000     1697.293 <none> (D)  
      add_310_67                                    add_unsigned_6587                     127    2382.535     0.000     2382.535 <none> (D)  
      mul_323_63                                    mult_unsigned_6617                    334    6989.473     0.000     6989.473 <none> (D)  
      add_323_47                                    add_unsigned_6619                     124    2319.282     0.000     2319.282 <none> (D)  
      add_323_73                                    add_unsigned_6587                     127    2382.535     0.000     2382.535 <none> (D)  
      add_332_47                                    add_unsigned_6587                     127    2382.535     0.000     2382.535 <none> (D)  
      gt_365_52                                     gt_signed                             277    4923.204     0.000     4923.204 <none> (D)  
      lt_367_57                                     lt_signed                             269    4838.866     0.000     4838.866 <none> (D)  
      add_150_53                                    add_unsigned_6633                     541   10004.540     0.000    10004.540 <none> (D)  
      add_384_58                                    add_unsigned_6645                      40     653.616     0.000      653.616 <none> (D)  
      add_319_54                                    add_unsigned_6647                      22     358.435     0.000      358.435 <none> (D)  
      add_349_52                                    add_signed_1800                       543   10025.625     0.000    10025.625 <none> (D)  
      add_148_59                                    add_unsigned_6655                      79    1475.907     0.000     1475.907 <none> (D)  
      add_149_59                                    add_unsigned_6659                      84    1581.329     0.000     1581.329 <none> (D)  
      mul_493_46_I16                                mult_signed_1798                     1579   32870.555     0.000    32870.555 <none> (D)  
      mul_493_46_I15                                mult_signed_1798                     1579   32870.555     0.000    32870.555 <none> (D)  
      mul_493_46_I14                                mult_signed_1798                     1579   32870.555     0.000    32870.555 <none> (D)  
      mul_493_46_I13                                mult_signed_1798                     1579   32870.555     0.000    32870.555 <none> (D)  
      mul_493_46_I12                                mult_signed_1798                     1579   32870.555     0.000    32870.555 <none> (D)  
      mul_493_46_I11                                mult_signed_1798                     1579   32870.555     0.000    32870.555 <none> (D)  
      mul_493_46_I10                                mult_signed_1798                     1579   32870.555     0.000    32870.555 <none> (D)  
      mul_493_46_I9                                 mult_signed_1798                     1579   32870.555     0.000    32870.555 <none> (D)  
      mul_493_46_I8                                 mult_signed_1798                     1579   32870.555     0.000    32870.555 <none> (D)  
      mul_493_46_I7                                 mult_signed_1798                     1579   32870.555     0.000    32870.555 <none> (D)  
      mul_493_46_I6                                 mult_signed_1798                     1579   32870.555     0.000    32870.555 <none> (D)  
      mul_493_46_I5                                 mult_signed_1798                     1579   32870.555     0.000    32870.555 <none> (D)  
      mul_493_46_I4                                 mult_signed_1798                     1579   32870.555     0.000    32870.555 <none> (D)  
      mul_493_46_I3                                 mult_signed_1798                     1579   32870.555     0.000    32870.555 <none> (D)  
      mul_493_46_I2                                 mult_signed_1798                     1579   32870.555     0.000    32870.555 <none> (D)  
      mul_493_46_I1                                 mult_signed_1798                     1579   32870.555     0.000    32870.555 <none> (D)  
      add_131_38                                    add_signed_3172                       450    8275.621     0.000     8275.621 <none> (D)  
      add_139_38                                    add_signed_8345                       457    8412.669     0.000     8412.669 <none> (D)  
      add_143_37                                    add_signed_8347                       468    8623.513     0.000     8623.513 <none> (D)  
      add_145_33                                    add_signed_8349                       480    8844.899     0.000     8844.899 <none> (D)  
      add_132_38                                    add_signed_3172                       450    8275.621     0.000     8275.621 <none> (D)  
      add_133_38                                    add_signed_3172                       450    8275.621     0.000     8275.621 <none> (D)  
      add_140_38                                    add_signed_8345                       457    8412.669     0.000     8412.669 <none> (D)  
      add_134_38                                    add_signed_3172                       450    8275.621     0.000     8275.621 <none> (D)  
      add_135_38                                    add_signed_3172                       450    8275.621     0.000     8275.621 <none> (D)  
      add_141_38                                    add_signed_8345                       457    8412.669     0.000     8412.669 <none> (D)  
      add_144_37                                    add_signed_8347                       468    8623.513     0.000     8623.513 <none> (D)  
      add_136_39                                    add_signed_3172                       450    8275.621     0.000     8275.621 <none> (D)  
      add_137_39                                    add_signed_3172                       450    8275.621     0.000     8275.621 <none> (D)  
      add_142_38                                    add_signed_8345                       457    8412.669     0.000     8412.669 <none> (D)  
      add_138_39                                    add_signed_3172                       450    8275.621     0.000     8275.621 <none> (D)  
      ctl_current_layer_303_27                      case_box_1356                           9     158.133     0.000      158.133 <none> (D)  
      mux_state_303_27                              mux_8376                                1     105.422     0.000      105.422 <none> (D)  
      ctl_current_layer_378_31                      case_box_1357                           9     158.133     0.000      158.133 <none> (D)  
      mux_state_378_31                              mux_8377                                2     210.844     0.000      210.844 <none> (D)  
      mux_node_cnt_389_46                           bmux_8378                               9     379.519     0.000      379.519 <none> (D)  
      mux_node_cnt_398_46                           bmux_8378                               9     379.519     0.000      379.519 <none> (D)  
      mux_current_layer_378_31                      mux_8380                                2     126.506     0.000      126.506 <none> (D)  
      ctl_state_252_19                              case_box_1360                          13     242.470     0.000      242.470 <none> (D)  
      mux_current_layer_252_19                      mux_8381                                2      84.338     0.000       84.338 <none> (D)  
      mux_act_buf1[1][step_cnt]_192_36              bmux_6199                              16    2698.801     0.000     2698.801 <none> (D)  
      mux_act_buf0[1][step_cnt]_194_36              bmux_8391                              16    8096.403     0.000     8096.403 <none> (D)  
      mux_act_buf1[1][step_cnt]_196_36              bmux_6199                              16    2698.801     0.000     2698.801 <none> (D)  
      ctl_current_layer_186_17                      case_box_1363                          10     179.217     0.000      179.217 <none> (D)  
      mux_act_val[1]_186_17                         mux_8393                               16    1349.401     0.000     1349.401 <none> (D)  
      mux_a_reg[1]_471_41                           bmux_1655                              16     674.700     0.000      674.700 <none> (D)  
      mux_a_reg[1]_470_39                           bmux_1655                              16     674.700     0.000      674.700 <none> (D)  
      mux_act_buf1[2][step_cnt]_192_36              bmux_6199                              16    2698.801     0.000     2698.801 <none> (D)  
      mux_act_buf0[2][step_cnt]_194_36              bmux_8391                              16    8096.403     0.000     8096.403 <none> (D)  
      mux_act_buf1[2][step_cnt]_196_36              bmux_6199                              16    2698.801     0.000     2698.801 <none> (D)  
      ctl_current_layer_186_1236                    case_box_1366                          10     179.217     0.000      179.217 <none> (D)  
      mux_act_val[2]_186_17                         mux_8393                               16    1349.401     0.000     1349.401 <none> (D)  
      mux_a_reg[2]_471_41                           bmux_1655                              16     674.700     0.000      674.700 <none> (D)  
      mux_a_reg[2]_470_39                           bmux_1655                              16     674.700     0.000      674.700 <none> (D)  
      mux_act_buf1[3][step_cnt]_192_36              bmux_6199                              16    2698.801     0.000     2698.801 <none> (D)  
      mux_act_buf0[3][step_cnt]_194_36              bmux_8391                              16    8096.403     0.000     8096.403 <none> (D)  
      mux_act_buf1[3][step_cnt]_196_36              bmux_6199                              16    2698.801     0.000     2698.801 <none> (D)  
      ctl_current_layer_186_1237                    case_box_1369                          10     179.217     0.000      179.217 <none> (D)  
      mux_act_val[3]_186_17                         mux_8393                               16    1349.401     0.000     1349.401 <none> (D)  
      mux_a_reg[3]_471_41                           bmux_1655                              16     674.700     0.000      674.700 <none> (D)  
      mux_a_reg[3]_470_39                           bmux_1655                              16     674.700     0.000      674.700 <none> (D)  
      mux_act_buf1[4][step_cnt]_192_36              bmux_6199                              16    2698.801     0.000     2698.801 <none> (D)  
      mux_act_buf0[4][step_cnt]_194_36              bmux_8391                              16    8096.403     0.000     8096.403 <none> (D)  
      mux_act_buf1[4][step_cnt]_196_36              bmux_6199                              16    2698.801     0.000     2698.801 <none> (D)  
      ctl_current_layer_186_1238                    case_box_1372                          10     179.217     0.000      179.217 <none> (D)  
      mux_act_val[4]_186_17                         mux_8393                               16    1349.401     0.000     1349.401 <none> (D)  
      mux_a_reg[4]_471_41                           bmux_1655                              16     674.700     0.000      674.700 <none> (D)  
      mux_a_reg[4]_470_39                           bmux_1655                              16     674.700     0.000      674.700 <none> (D)  
      mux_act_buf1[5][step_cnt]_192_36              bmux_6199                              16    2698.801     0.000     2698.801 <none> (D)  
      mux_act_buf0[5][step_cnt]_194_36              bmux_8391                              16    8096.403     0.000     8096.403 <none> (D)  
      mux_act_buf1[5][step_cnt]_196_36              bmux_6199                              16    2698.801     0.000     2698.801 <none> (D)  
      ctl_current_layer_186_1239                    case_box_1375                          10     179.217     0.000      179.217 <none> (D)  
      mux_act_val[5]_186_17                         mux_8393                               16    1349.401     0.000     1349.401 <none> (D)  
      mux_a_reg[5]_471_41                           bmux_1655                              16     674.700     0.000      674.700 <none> (D)  
      mux_a_reg[5]_470_39                           bmux_1655                              16     674.700     0.000      674.700 <none> (D)  
      mux_act_buf1[6][step_cnt]_192_36              bmux_6199                              16    2698.801     0.000     2698.801 <none> (D)  
      mux_act_buf0[6][step_cnt]_194_36              bmux_8391                              16    8096.403     0.000     8096.403 <none> (D)  
      mux_act_buf1[6][step_cnt]_196_36              bmux_6199                              16    2698.801     0.000     2698.801 <none> (D)  
      ctl_current_layer_186_1240                    case_box_1378                          10     179.217     0.000      179.217 <none> (D)  
      mux_act_val[6]_186_17                         mux_8393                               16    1349.401     0.000     1349.401 <none> (D)  
      mux_a_reg[6]_471_41                           bmux_1655                              16     674.700     0.000      674.700 <none> (D)  
      mux_a_reg[6]_470_39                           bmux_1655                              16     674.700     0.000      674.700 <none> (D)  
      mux_act_buf1[7][step_cnt]_192_36              bmux_6199                              16    2698.801     0.000     2698.801 <none> (D)  
      mux_act_buf0[7][step_cnt]_194_36              bmux_8391                              16    8096.403     0.000     8096.403 <none> (D)  
      mux_act_buf1[7][step_cnt]_196_36              bmux_6199                              16    2698.801     0.000     2698.801 <none> (D)  
      ctl_current_layer_186_1241                    case_box_1381                          10     179.217     0.000      179.217 <none> (D)  
      mux_act_val[7]_186_17                         mux_8393                               16    1349.401     0.000     1349.401 <none> (D)  
      mux_a_reg[7]_471_41                           bmux_1655                              16     674.700     0.000      674.700 <none> (D)  
      mux_a_reg[7]_470_39                           bmux_1655                              16     674.700     0.000      674.700 <none> (D)  
      mux_act_buf1[8][step_cnt]_192_36              bmux_6199                              16    2698.801     0.000     2698.801 <none> (D)  
      mux_act_buf0[8][step_cnt]_194_36              bmux_8391                              16    8096.403     0.000     8096.403 <none> (D)  
      mux_act_buf1[8][step_cnt]_196_36              bmux_6199                              16    2698.801     0.000     2698.801 <none> (D)  
      ctl_current_layer_186_1242                    case_box_1384                          10     179.217     0.000      179.217 <none> (D)  
      mux_act_val[8]_186_17                         mux_8393                               16    1349.401     0.000     1349.401 <none> (D)  
      mux_a_reg[9]_471_41                           bmux_1655                              16     674.700     0.000      674.700 <none> (D)  
      mux_act_buf1[9][step_cnt]_192_36              bmux_6199                              16    2698.801     0.000     2698.801 <none> (D)  
      mux_act_buf0[9][step_cnt]_194_36              bmux_8391                              16    8096.403     0.000     8096.403 <none> (D)  
      mux_act_buf1[9][step_cnt]_196_36              bmux_6199                              16    2698.801     0.000     2698.801 <none> (D)  
      ctl_current_layer_186_1243                    case_box_1387                          10     179.217     0.000      179.217 <none> (D)  
      mux_act_val[9]_186_17                         mux_8393                               16    1349.401     0.000     1349.401 <none> (D)  
      mux_a_reg[9]_470_39                           bmux_1655                              16     674.700     0.000      674.700 <none> (D)  
      mux_a_reg[10]_471_41                          bmux_1655                              16     674.700     0.000      674.700 <none> (D)  
      mux_act_buf1[10][step_cnt]_192_36             bmux_6199                              16    2698.801     0.000     2698.801 <none> (D)  
      mux_act_buf0[10][step_cnt]_194_36             bmux_8391                              16    8096.403     0.000     8096.403 <none> (D)  
      mux_act_buf1[10][step_cnt]_196_36             bmux_6199                              16    2698.801     0.000     2698.801 <none> (D)  
      ctl_current_layer_186_1244                    case_box_1390                          10     179.217     0.000      179.217 <none> (D)  
      mux_act_val[10]_186_17                        mux_8393                               16    1349.401     0.000     1349.401 <none> (D)  
      mux_a_reg[10]_470_39                          bmux_1655                              16     674.700     0.000      674.700 <none> (D)  
      mux_a_reg[11]_471_41                          bmux_1655                              16     674.700     0.000      674.700 <none> (D)  
      mux_act_buf1[11][step_cnt]_192_36             bmux_6199                              16    2698.801     0.000     2698.801 <none> (D)  
      mux_act_buf0[11][step_cnt]_194_36             bmux_8391                              16    8096.403     0.000     8096.403 <none> (D)  
      mux_act_buf1[11][step_cnt]_196_36             bmux_6199                              16    2698.801     0.000     2698.801 <none> (D)  
      ctl_current_layer_186_1245                    case_box_1393                          10     179.217     0.000      179.217 <none> (D)  
      mux_act_val[11]_186_17                        mux_8393                               16    1349.401     0.000     1349.401 <none> (D)  
      mux_a_reg[11]_470_39                          bmux_1655                              16     674.700     0.000      674.700 <none> (D)  
      mux_a_reg[12]_471_41                          bmux_1655                              16     674.700     0.000      674.700 <none> (D)  
      mux_act_buf1[12][step_cnt]_192_36             bmux_6199                              16    2698.801     0.000     2698.801 <none> (D)  
      mux_act_buf0[12][step_cnt]_194_36             bmux_8391                              16    8096.403     0.000     8096.403 <none> (D)  
      mux_act_buf1[12][step_cnt]_196_36             bmux_6199                              16    2698.801     0.000     2698.801 <none> (D)  
      ctl_current_layer_186_1246                    case_box_1396                          10     179.217     0.000      179.217 <none> (D)  
      mux_act_val[12]_186_17                        mux_8393                               16    1349.401     0.000     1349.401 <none> (D)  
      mux_a_reg[12]_470_39                          bmux_1655                              16     674.700     0.000      674.700 <none> (D)  
      mux_a_reg[13]_471_41                          bmux_1655                              16     674.700     0.000      674.700 <none> (D)  
      mux_act_buf1[13][step_cnt]_192_36             bmux_6199                              16    2698.801     0.000     2698.801 <none> (D)  
      mux_act_buf0[13][step_cnt]_194_36             bmux_8391                              16    8096.403     0.000     8096.403 <none> (D)  
      mux_act_buf1[13][step_cnt]_196_36             bmux_6199                              16    2698.801     0.000     2698.801 <none> (D)  
      ctl_current_layer_186_1247                    case_box_1399                          10     179.217     0.000      179.217 <none> (D)  
      mux_act_val[13]_186_17                        mux_8393                               16    1349.401     0.000     1349.401 <none> (D)  
      mux_a_reg[13]_470_39                          bmux_1655                              16     674.700     0.000      674.700 <none> (D)  
      mux_a_reg[14]_471_41                          bmux_1655                              16     674.700     0.000      674.700 <none> (D)  
      mux_act_buf1[14][step_cnt]_192_36             bmux_6199                              16    2698.801     0.000     2698.801 <none> (D)  
      mux_act_buf0[14][step_cnt]_194_36             bmux_8391                              16    8096.403     0.000     8096.403 <none> (D)  
      mux_act_buf1[14][step_cnt]_196_36             bmux_6199                              16    2698.801     0.000     2698.801 <none> (D)  
      ctl_current_layer_186_1248                    case_box_1402                          10     179.217     0.000      179.217 <none> (D)  
      mux_act_val[14]_186_17                        mux_8393                               16    1349.401     0.000     1349.401 <none> (D)  
      mux_a_reg[14]_470_39                          bmux_1655                              16     674.700     0.000      674.700 <none> (D)  
      mux_a_reg[15]_471_41                          bmux_1655                              16     674.700     0.000      674.700 <none> (D)  
      mux_act_buf1[15][step_cnt]_192_36             bmux_6199                              16    2698.801     0.000     2698.801 <none> (D)  
      mux_act_buf0[15][step_cnt]_194_36             bmux_8391                              16    8096.403     0.000     8096.403 <none> (D)  
      mux_act_buf1[15][step_cnt]_196_36             bmux_6199                              16    2698.801     0.000     2698.801 <none> (D)  
      ctl_current_layer_186_1249                    case_box_1405                          10     179.217     0.000      179.217 <none> (D)  
      mux_act_val[15]_186_17                        mux_8393                               16    1349.401     0.000     1349.401 <none> (D)  
      mux_a_reg[15]_470_39                          bmux_1655                              16     674.700     0.000      674.700 <none> (D)  
      mux_accumulator_252_19                        mux_8576                               40    2530.126     0.000     2530.126 <none> (D)  
      mux_149_44                                    bmux_8579                              10     421.688     0.000      421.688 <none> (D)  
      mux_148_44                                    bmux_8579                              10     421.688     0.000      421.688 <none> (D)  
      mux_147_43                                    bmux_8579                              10     421.688     0.000      421.688 <none> (D)  
      mux_bias_mem[bias_index]_266_33               bmux_9864                              16  216241.442     0.000   216241.442 <none> (D)  
      mux_bias_reg_276_31                           bmux_9865                              16    5397.602     0.000     5397.602 <none> (D)  
      mux_bias_reg_252_19                           mux_9866                               16     674.700     0.000      674.700 <none> (D)  
      mux_153_24                                    bmux_1655                              16     674.700     0.000      674.700 <none> (D)  
      mux_act_buf1[0][step_cnt]_192_36              bmux_6199                              16    2698.801     0.000     2698.801 <none> (D)  
      mux_act_buf0[0][step_cnt]_194_36              bmux_8391                              16    8096.403     0.000     8096.403 <none> (D)  
      mux_act_buf1[0][step_cnt]_196_36              bmux_6199                              16    2698.801     0.000     2698.801 <none> (D)  
      ctl_current_layer_186_1253                    case_box_1408                          10     179.217     0.000      179.217 <none> (D)  
      mux_act_val[0]_186_17                         mux_8393                               16    1349.401     0.000     1349.401 <none> (D)  
      mux_a_reg[0]_471_41                           bmux_1655                              16     674.700     0.000      674.700 <none> (D)  
      mux_a_reg[0]_470_39                           bmux_1655                              16     674.700     0.000      674.700 <none> (D)  
      mux_valid_out_252_19                          mux_9880                                1      42.169     0.000       42.169 <none> (D)  
      mux_y_out_367_57                              bmux_1655                              16     674.700     0.000      674.700 <none> (D)  
      mux_y_out_365_52                              bmux_1655                              16     674.700     0.000      674.700 <none> (D)  
      ctl_current_layer_355_31                      case_box_1411                           9     158.133     0.000      158.133 <none> (D)  
      mux_y_out_355_31                              mux_9866                               16     674.700     0.000      674.700 <none> (D)  
      mux_raddr_303_27                              mux_9888                               13    1096.388     0.000     1096.388 <none> (D)  
      mux_ren_252_19                                mux_10                                  1      84.338     0.000       84.338 <none> (D)  
      mux_step_cnt_252_19                           mux_9894                                6     506.025     0.000      506.025 <none> (D)  
      mux_state_252_19                              mux_9897                                3     442.772     0.000      442.772 <none> (D)  
      mux_node_cnt_380_46                           bmux_8378                               9     379.519     0.000      379.519 <none> (D)  
      mux_node_cnt_378_31                           mux_9901                                9     569.278     0.000      569.278 <none> (D)  
      mux_node_cnt_252_19                           mux_9902                                9     379.519     0.000      379.519 <none> (D)  
      mux_a_reg[8]_471_41                           bmux_1655                              16     674.700     0.000      674.700 <none> (D)  
      mux_a_reg[8]_470_39                           bmux_1655                              16     674.700     0.000      674.700 <none> (D)  
      ctl_node_cnt_357_35                           case_box_1414                          50    1402.112     0.000     1402.112 <none> (D)  
      ctl_node_cnt_357_1275                         case_box_1417                          36     885.544     0.000      885.544 <none> (D)  
      ctl_node_cnt_357_1372                         case_box_1420                          50    1402.112     0.000     1402.112 <none> (D)  
      ctl_node_cnt_357_1469                         case_box_1423                          50    1402.112     0.000     1402.112 <none> (D)  
      ctl_node_cnt_357_1566                         case_box_1426                          50    1402.112     0.000     1402.112 <none> (D)  
      ctl_node_cnt_357_1663                         case_box_1429                          50    1402.112     0.000     1402.112 <none> (D)  
      ctl_node_cnt_357_1760                         case_box_1432                          50    1402.112     0.000     1402.112 <none> (D)  
      ctl_node_cnt_357_1857                         case_box_1435                          50    1402.112     0.000     1402.112 <none> (D)  
      ctl_node_cnt_357_1954                         case_box_1438                          50    1402.112     0.000     1402.112 <none> (D)  
      ctl_node_cnt_357_2051                         case_box_1441                          50    1402.112     0.000     1402.112 <none> (D)  
      ctl_node_cnt_357_2148                         case_box_1444                          50    1402.112     0.000     1402.112 <none> (D)  
      ctl_node_cnt_357_2245                         case_box_1447                          50    1402.112     0.000     1402.112 <none> (D)  
      ctl_node_cnt_357_2342                         case_box_1450                          50    1402.112     0.000     1402.112 <none> (D)  
      ctl_node_cnt_357_2439                         case_box_1453                          50    1402.112     0.000     1402.112 <none> (D)  
      ctl_node_cnt_357_2536                         case_box_1456                          50    1402.112     0.000     1402.112 <none> (D)  
      ctl_node_cnt_357_2633                         case_box_1459                          50    1402.112     0.000     1402.112 <none> (D)  
      ctl_node_cnt_357_2730                         case_box_1462                          50    1402.112     0.000     1402.112 <none> (D)  
      ctl_node_cnt_356_35                           case_box_1465                          50    1402.112     0.000     1402.112 <none> (D)  
      ctl_node_cnt_356_2827                         case_box_1468                          36     885.544     0.000      885.544 <none> (D)  
      ctl_node_cnt_358_35                           case_box_1471                          50    1402.112     0.000     1402.112 <none> (D)  
      ctl_node_cnt_358_2830                         case_box_1474                          36     885.544     0.000      885.544 <none> (D)  
      ctl_node_cnt_356_2885                         case_box_1477                          50    1402.112     0.000     1402.112 <none> (D)  
      ctl_node_cnt_358_2888                         case_box_1480                          50    1402.112     0.000     1402.112 <none> (D)  
      ctl_node_cnt_356_2943                         case_box_1483                          50    1402.112     0.000     1402.112 <none> (D)  
      ctl_node_cnt_358_2946                         case_box_1486                          50    1402.112     0.000     1402.112 <none> (D)  
      ctl_node_cnt_356_3001                         case_box_1489                          50    1402.112     0.000     1402.112 <none> (D)  
      ctl_node_cnt_358_3004                         case_box_1492                          50    1402.112     0.000     1402.112 <none> (D)  
      ctl_node_cnt_356_3059                         case_box_1495                          50    1402.112     0.000     1402.112 <none> (D)  
      ctl_node_cnt_358_3062                         case_box_1498                          50    1402.112     0.000     1402.112 <none> (D)  
      ctl_node_cnt_356_3117                         case_box_1501                          50    1402.112     0.000     1402.112 <none> (D)  
      ctl_node_cnt_358_3120                         case_box_1504                          50    1402.112     0.000     1402.112 <none> (D)  
      ctl_node_cnt_356_3175                         case_box_1507                          50    1402.112     0.000     1402.112 <none> (D)  
      ctl_node_cnt_358_3178                         case_box_1510                          50    1402.112     0.000     1402.112 <none> (D)  
      ctl_node_cnt_356_3233                         case_box_1513                          50    1402.112     0.000     1402.112 <none> (D)  
      ctl_node_cnt_358_3236                         case_box_1516                          50    1402.112     0.000     1402.112 <none> (D)  
      ctl_node_cnt_356_3291                         case_box_1519                          50    1402.112     0.000     1402.112 <none> (D)  
      ctl_node_cnt_358_3294                         case_box_1522                          50    1402.112     0.000     1402.112 <none> (D)  
      ctl_node_cnt_356_3349                         case_box_1525                          50    1402.112     0.000     1402.112 <none> (D)  
      ctl_node_cnt_358_3352                         case_box_1528                          50    1402.112     0.000     1402.112 <none> (D)  
      ctl_node_cnt_356_3407                         case_box_1531                          50    1402.112     0.000     1402.112 <none> (D)  
      ctl_node_cnt_358_3410                         case_box_1534                          50    1402.112     0.000     1402.112 <none> (D)  
      ctl_node_cnt_356_3465                         case_box_1537                          50    1402.112     0.000     1402.112 <none> (D)  
      ctl_node_cnt_358_3468                         case_box_1540                          50    1402.112     0.000     1402.112 <none> (D)  
      ctl_node_cnt_356_3523                         case_box_1543                          50    1402.112     0.000     1402.112 <none> (D)  
      ctl_node_cnt_358_3526                         case_box_1546                          50    1402.112     0.000     1402.112 <none> (D)  
      ctl_node_cnt_356_3581                         case_box_1549                          50    1402.112     0.000     1402.112 <none> (D)  
      ctl_node_cnt_358_3584                         case_box_1552                          50    1402.112     0.000     1402.112 <none> (D)  
      ctl_node_cnt_356_3639                         case_box_1555                          50    1402.112     0.000     1402.112 <none> (D)  
      ctl_node_cnt_358_3642                         case_box_1558                          50    1402.112     0.000     1402.112 <none> (D)  
      ctl_node_cnt_356_3697                         case_box_1561                          50    1402.112     0.000     1402.112 <none> (D)  
      ctl_node_cnt_358_3700                         case_box_1564                          50    1402.112     0.000     1402.112 <none> (D)  
      ctl_bias_load_addr_250_17                     case_box_1567                         899   30635.610     0.000    30635.610 <none> (D)  
      g4445                                         not_op_142                             16     168.675     0.000      168.675 <none> (D)  
      g4446                                         not_op_143                             16     168.675     0.000      168.675 <none> (D)  
      qaa_tanh_153_44:add_61_40                     add_unsigned_2918                      80    1317.774     0.000     1317.774 <none> (D)  
      qaa_tanh_153_44:lte_52_23                     leq_unsigned                           92    1655.124     0.000     1655.124 <none> (D)  
      qaa_tanh_153_44:mul_53_41                     mult_signed_6464                      756   15802.746     0.000    15802.746 <none> (D)  
      qaa_tanh_153_44:lte_54_28                     leq_unsigned_6467                      98    1760.546     0.000     1760.546 <none> (D)  
      qaa_tanh_153_44:add_55_34                     add_unsigned_6469                     155    2909.645     0.000     2909.645 <none> (D)  
      qaa_tanh_153_44:lte_56_28                     leq_unsigned_6467                      98    1760.546     0.000     1760.546 <none> (D)  
      qaa_tanh_153_44:add_57_34                     add_unsigned_6474                     160    3004.525     0.000     3004.525 <none> (D)  
      qaa_tanh_153_44:add_50_33                     add_unsigned_2918                      80    1317.774     0.000     1317.774 <none> (D)  
      qaa_tanh_153_44:sub_55_53                     sub_unsigned_6478                     170    3067.778     0.000     3067.778 <none> (D)  
      qaa_tanh_153_44:mul_55_65                     mult_signed_6464                      756   15802.746     0.000    15802.746 <none> (D)  
      qaa_tanh_153_44:sub_57_53                     sub_unsigned_6529                     181    3268.080     0.000     3268.080 <none> (D)  
      qaa_tanh_153_44:mul_57_66                     mult_signed_6578                      750   15686.782     0.000    15686.782 <none> (D)  
      qaa_tanh_153_44:mux_50_21                     bmux_1655                              16     674.700     0.000      674.700 <none> (D)  
      qaa_tanh_153_44:mux_y_mag_56_28               bmux_1655                              16     674.700     0.000      674.700 <none> (D)  
      qaa_tanh_153_44:mux_y_mag_54_28               bmux_1655                              16     674.700     0.000      674.700 <none> (D)  
      qaa_tanh_153_44:mux_y_mag_52_23               bmux_1655                              16     674.700     0.000      674.700 <none> (D)  
      qaa_tanh_153_44:mux_61_24                     bmux_1655                              16     674.700     0.000      674.700 <none> (D)  
    u_plwd                                          plwd_VALID_TIMEOUT16h4000             693   25606.984     0.000    25606.984 <none> (D)  
      neq_82_38                                     nequal_unsigned_5120                    9     263.555     0.000      263.555 <none> (D)  
      sub_83_44                                     sub_unsigned_10936                     63    1138.557     0.000     1138.557 <none> (D)  
      eq_87_48                                      equal_unsigned_5124                     8     253.013     0.000      253.013 <none> (D)  
      eq_106_34                                     equal_unsigned_10940                   21     548.194     0.000      548.194 <none> (D)  
      add_107_79                                    add_unsigned_10944                     18     295.181     0.000      295.181 <none> (D)  
      gte_113_31                                    geq_unsigned_10947                     23     400.603     0.000      400.603 <none> (D)  
      add_133_52                                    add_unsigned_10949                    188    3120.489     0.000     3120.489 <none> (D)  
      add_182_57                                    add_unsigned_2912                      33     537.652     0.000      537.652 <none> (D)  
      add_193_48                                    add_unsigned                            9     147.591     0.000      147.591 <none> (D)  
      ctl_m_axis_tvalid_62_17                       case_box_1615                          12     221.386     0.000      221.386 <none> (D)  
      mux_stall_monitor_armed_62_17                 mux_10                                  1      84.338     0.000       84.338 <none> (D)  
      ctl_m_axis_tvalid_62_39                       case_box_1616                          17     316.266     0.000      316.266 <none> (D)  
      mux_timeout_cnt_62_17                         mux_10968                              16    1686.751     0.000     1686.751 <none> (D)  
      ctl_87_32                                     case_box_1619                          12     221.386     0.000      221.386 <none> (D)  
      mux_pipeline_stall_fault_87_32                mux_10                                  1      84.338     0.000       84.338 <none> (D)  
      mux_fault_type_reg_176_25                     bmux_6335                               2      84.338     0.000       84.338 <none> (D)  
      ctl_s_axi_araddr_236_23                       case_box_1622                          11     231.928     0.000      231.928 <none> (D)  
      mux_s_axi_rdata_236_23                        mux_10982                              32    2698.801     0.000     2698.801 <none> (D)  
      ctl_rcv_state_165_19                          case_box_1625                          10     147.591     0.000      147.591 <none> (D)  
      mux_irq_fault_165_19                          mux_9880                                1      42.169     0.000       42.169 <none> (D)  
      mux_pipeline_srst_165_19                      mux_10                                  1      84.338     0.000       84.338 <none> (D)  
      mux_107_45                                    bmux_10989                              5     210.844     0.000      210.844 <none> (D)  
      mux_stuck_cnt_106_34                          bmux_10989                              5     210.844     0.000      210.844 <none> (D)  
      mux_drain_cnt_165_19                          mux_10993                               3     126.506     0.000      126.506 <none> (D)  
      mux_rcv_state_165_19                          mux_6348                                2     168.675     0.000      168.675 <none> (D)  
    u_latprof                                       lat_prof                             2901   83451.992     0.000    83451.992 <none> (D)  
      add_40_34                                     add_unsigned_10949                    188    3120.489     0.000     3120.489 <none> (D)  
      sub_84_43                                     sub_unsigned_11000                    459    8222.910     0.000     8222.910 <none> (D)  
      sub_85_44                                     sub_unsigned_11000                    459    8222.910     0.000     8222.910 <none> (D)  
      sub_86_43                                     sub_unsigned_11000                    459    8222.910     0.000     8222.910 <none> (D)  
      sub_87_46                                     sub_unsigned_11000                    459    8222.910     0.000     8222.910 <none> (D)  
      sub_88_46                                     sub_unsigned_11000                    459    8222.910     0.000     8222.910 <none> (D)  
      mux_s_axi_rdata_102_23                        bmux_11022                             32   10795.205     0.000    10795.205 <none> (D)  
    gte_415_23                                      geq_unsigned_11038                     82    1423.196     0.000     1423.196 <none> (D)  
    lt_415_51                                       lt_unsigned_11041                      83    1433.738     0.000     1433.738 <none> (D)  
    gte_416_23                                      geq_unsigned_11044                    107    1897.595     0.000     1897.595 <none> (D)  
    lt_416_52                                       lt_unsigned_11047                     108    1908.137     0.000     1908.137 <none> (D)  
    gte_417_23                                      geq_unsigned_11050                    110    1960.848     0.000     1960.848 <none> (D)  
    lt_417_52                                       lt_unsigned_6305                      111    1971.390     0.000     1971.390 <none> (D)  
    eq_418_22                                       equal_unsigned_11055                   26     621.989     0.000      621.989 <none> (D)  
    lt_420_21                                       lt_unsigned_11047                     108    1908.137     0.000     1908.137 <none> (D)  
    lt_421_21                                       lt_unsigned_6305                      111    1971.390     0.000     1971.390 <none> (D)  
    lt_422_21                                       lt_unsigned_6305                      111    1971.390     0.000     1971.390 <none> (D)  
    sub_506_33                                      sub_signed_11068                      207    3731.936     0.000     3731.936 <none> (D)  
    gte_184_37                                      geq_unsigned_11073                     14     242.470     0.000      242.470 <none> (D)  
    gte_191_43                                      geq_unsigned_11076                     48     853.918     0.000      853.918 <none> (D)  
    lte_192_43                                      leq_unsigned_11079                     48     853.918     0.000      853.918 <none> (D)  
    mux_s_axi_rvalid_652_33                         bmux                                    1      42.169     0.000       42.169 <none> (D)  
    mux_transaction_active_92_36                    bmux                                    1      42.169     0.000       42.169 <none> (D)  
    mux_s_axi_bvalid_605_30                         bmux                                    1      42.169     0.000       42.169 <none> (D)  
    ctl_decim_ratio_268_19                          case_box_1726                          10     189.759     0.000      189.759 <none> (D)  
    mux_decim_q_268_19                              mux_10                                  1      84.338     0.000       84.338 <none> (D)  
    mux_422_21                                      bmux_8579                              10     421.688     0.000      421.688 <none> (D)  
    mux_421_21                                      bmux_8579                              10     421.688     0.000      421.688 <none> (D)  
    mux_420_21                                      bmux_8579                              10     421.688     0.000      421.688 <none> (D)  
    ctl_516_22                                      case_box_1727                          17     316.266     0.000      316.266 <none> (D)  
    mux_m_axis_tvalid_516_22                        mux_8376                                1     105.422     0.000      105.422 <none> (D)  
    mux_509_28                                      bmux_1655                              16     674.700     0.000      674.700 <none> (D)  
    mux_508_36                                      bmux_1655                              16     674.700     0.000      674.700 <none> (D)  
    mux_read_pending_latprof_638_17                 bmux                                    1      42.169     0.000       42.169 <none> (D)  
    mux_s_axi_rdata_642_25                          bmux_1639                              32    1349.401     0.000     1349.401 <none> (D)  
    mux_s_axi_rdata_638_17                          bmux_1639                              32    1349.401     0.000     1349.401 <none> (D)  
    mux_609_33                                      bmux                                    1      42.169     0.000       42.169 <none> (D)  
    mux_s_axi_rvalid_639_56                         bmux                                    1      42.169     0.000       42.169 <none> (D)  
    mux_s_axi_rvalid_650_26                         bmux                                    1      42.169     0.000       42.169 <none> (D)  
    mux_s_axi_rvalid_638_17                         bmux                                    1      42.169     0.000       42.169 <none> (D)  
    mux_read_pending_plwd_638_17                    bmux                                    1      42.169     0.000       42.169 <none> (D)  
    mux_read_pending_638_17                         bmux                                    1      42.169     0.000       42.169 <none> (D)  
    ctl_s_axi_awaddr_567_23                         case_box_1730                           9     147.591     0.000      147.591 <none> (D)  
  (D) = wireload is default in technology library
