============================================================
  Generated by:           Genus(TM) Synthesis Solution 21.14-s082_1
  Generated on:           Sep 04 2026  04:35:42 pm
  Module:                 aquila_scl180_top
  Operating conditions:   _nominal_ (balanced_tree)
  Wireload mode:          enclosed
  Area mode:              timing library
============================================================

     Instance               Module           Cell Count   Cell Area  Net Area   Total Area   Wireload  
-------------------------------------------------------------------------------------------------------
aquila_scl180_top                                110896 3301517.471     0.000  3301517.471 <none> (D)  
  u_core          rls_dnn_top                    110896 3301517.471     0.000  3301517.471 <none> (D)  
    u_aad         aad                              1852   42454.190     0.000    42454.190 <none> (D)  
    u_affhc       affhc                             483   17179.150     0.000    17179.150 <none> (D)  
    u_cbpf        cbpf_2sos                        3144   81350.331     0.000    81350.331 <none> (D)  
    u_fwes        fwes                              681   18091.850     0.000    18091.850 <none> (D)  
    u_latprof     lat_prof                         1279   43801.970     0.000    43801.970 <none> (D)  
    u_mlp         mlp_inference                   70461 2376642.984     0.000  2376642.984 <none> (D)  
    u_plwd        plwd_VALID_TIMEOUT16h4000         451   17336.230     0.000    17336.230 <none> (D)  
    u_poly        poly_decim                         28     749.520     0.000      749.520 <none> (D)  
    u_ptdl        ptdl_8stage                       385   12475.520     0.000    12475.520 <none> (D)  
    u_rcim        rcim                             4648  109951.701     0.000   109951.701 <none> (D)  
    u_rls         rls_engine                      26412  547435.294     0.000   547435.294 <none> (D)  
    u_rst_sync    rst_sync                            2     131.720     0.000      131.720 <none> (D)  
    u_sram        mlp_weight_sram_wrapper           357   10462.280     0.000    10462.280 <none> (D)  
  (D) = wireload is default in technology library
