============================================================
  Generated by:           Genus(TM) Synthesis Solution 21.14-s082_1
  Generated on:           Sep 04 2026  04:35:30 pm
  Module:                 aquila_scl180_top
  Technology library:     tsl18fs120_scl_ss 1
  Operating conditions:   _nominal_ (balanced_tree)
  Wireload mode:          enclosed
  Area mode:              timing library
============================================================


 Clock Description
 ----------------- 

    Clock                               Clock    Source     No of   
    Name      Period   Rise    Fall     Domain  Pin/Port  Registers 
--------------------------------------------------------------------
 aquila_clk   10000.0   0.0   5000.0   domain_1   clk         22387 

 Clock Network Latency / Setup Uncertainty
 ----------------------------------------- 

             Network   Network   Source   Source     Setup        Setup    
   Clock     Latency   Latency  Latency  Latency  Uncertainty  Uncertainty 
   Name       Rise      Fall      Rise     Fall       Rise         Fall    
---------------------------------------------------------------------------
aquila_clk       0.0       0.0      0.0      0.0          0.0          0.0 

 Clock Relationship (with uncertainty & latency)
 ----------------------------------------------- 

     From          To         R->R     R->F     F->R      F->F  
----------------------------------------------------------------
  aquila_clk   aquila_clk   10000.0   5000.0   5000.0   10000.0 
