============================================================
  Generated by:           Genus(TM) Synthesis Solution 21.14-s082_1
  Generated on:           Sep 04 2026  04:30:08 pm
  Module:                 rls_probe_top
  Technology library:     tsl18fs120_scl_ss 1
  Operating conditions:   _nominal_ (balanced_tree)
  Wireload mode:          enclosed
  Area mode:              timing library
============================================================

                Instance                                  Module                   Cell Count   Cell Area  Net Area   Total Area   Wireload  
---------------------------------------------------------------------------------------------------------------------------------------------
rls_probe_top                                                                           54207 1183856.535     0.000  1183856.535 <none> (D)  
  u_rls                                  rls_engine                                     54207 1183856.535     0.000  1183856.535 <none> (D)  
    MULT_TC_OP49                         mult_signed_1817                                2009   42674.793     0.000    42674.793 <none> (D)  
    MULT_TC_OP_5                         mult_signed_2398                                2019   42885.637     0.000    42885.637 <none> (D)  
    add_365_42                           add_signed_94                                    138    2972.898     0.000     2972.898 <none> (D)  
    csa_tree_ADD_TC_OP53_pad_groupi      csa_tree_ADD_TC_OP53_pad_group_6934             2494   52879.635     0.000    52879.635 <none> (D)  
    csa_tree_ADD_TC_OP_13_groupi         csa_tree_ADD_TC_OP_13_group_8                  11319  238928.239     0.000   238928.239 <none> (D)  
    csa_tree_ADD_TC_OP_28_groupi         csa_tree_ADD_TC_OP_28_group_6                  18163  383155.968     0.000   383155.968 <none> (D)  
    csa_tree_SUB_TC_OP56_pad_groupi      csa_tree_SUB_TC_OP56_pad_group_6931             2620   55715.485     0.000    55715.485 <none> (D)  
    csa_tree_SUB_TC_OP_12_pad_pad_groupi csa_tree_SUB_TC_OP_12_pad_pad_group_6935        2497   53101.021     0.000    53101.021 <none> (D)  
    csa_tree_add_264_40_pad_groupi       csa_tree_add_264_40_pad_group_21423             2189   46596.489     0.000    46596.489 <none> (D)  
    csa_tree_sub_280_42_pad_groupi       csa_tree_sub_280_42_pad_group_21424              864   18375.041     0.000    18375.041 <none> (D)  
    csa_tree_sub_345_38_pad_groupi       csa_tree_sub_345_38_pad_group_23698             2174   46143.174     0.000    46143.174 <none> (D)  
    gt_228_27                            gt_signed_1300_rtlopto_model_23092                18     569.278     0.000      569.278 <none> (D)  
    gt_366_31                            gt_signed_1297_rtlopto_model_22637                 6     168.675     0.000      168.675 <none> (D)  
    inc_add_328_46                       increment_unsigned_6911_6930                       7     147.591     0.000      147.591 <none> (D)  
    lt_230_32                            lt_signed_1291_rtlopto_model_23093                 6     158.133     0.000      158.133 <none> (D)  
    lt_368_36                            lt_signed_1285_rtlopto_model_22638                 6     231.928     0.000      231.928 <none> (D)  
    mul_281_46                           mult_signed_1245                                 979   20789.203     0.000    20789.203 <none> (D)  
    mul_346_45                           mult_signed_726                                 2003   42485.034     0.000    42485.034 <none> (D)  
    mul_351_50                           mult_signed_726_1313                            2001   42463.949     0.000    42463.949 <none> (D)  
    sub_194_31                           sub_signed_3                                     141    3046.693     0.000     3046.693 <none> (D)  
    sub_391_40                           sub_signed_3_1306                                141    3046.693     0.000     3046.693 <none> (D)  
  (D) = wireload is default in technology library
